[InsertDataMovPass] Processing functions...
[InsertDataMovPass]   Processing function: __orbit_predict_mapper_input_0
[InsertDataMovPass]   ✅ Successfully processed
[InsertDataMovPass]   Processing function: __orbit_predict_mapper_input_1
[InsertDataMovPass]   ✅ Successfully processed
[InsertDataMovPass]   Processing function: __orbit_predict_mapper_input_2
[InsertDataMovPass]   ✅ Successfully processed
[InsertDataMovPass]   Processing function: __orbit_predict_mapper_input_3
[InsertDataMovPass]   ✅ Successfully processed
[InsertDataMovPass]   Processing function: __orbit_predict_mapper_input_4
[InsertDataMovPass]   ✅ Successfully processed
[InsertDataMovPass]   Processing function: __orbit_predict_mapper_input_5
[InsertDataMovPass]   ✅ Successfully processed
[InsertDataMovPass]   Processing function: __orbit_predict_mapper_input_6
[InsertDataMovPass]   ✅ Successfully processed
[InsertDataMovPass]   Processing function: __orbit_predict_mapper_input_7
[InsertDataMovPass]   ✅ Successfully processed
[InsertDataMovPass]   Processing function: __orbit_predict_mapper_input_8
[InsertDataMovPass]   ✅ Successfully processed
[InsertDataMovPass]   Processing function: __orbit_predict_mapper_input_9
[InsertDataMovPass]   ✅ Successfully processed
[InsertDataMovPass]   Processing function: __orbit_predict_mapper_input_10
[InsertDataMovPass]   ✅ Successfully processed
[InsertDataMovPass]   Processing function: __orbit_predict_mapper_input_11
[InsertDataMovPass]   ✅ Successfully processed
[InsertDataMovPass]   Processing function: __orbit_predict_mapper_input_12
[InsertDataMovPass]   ✅ Successfully processed
[InsertDataMovPass]   Processing function: __orbit_predict_mapper_input_13
[InsertDataMovPass]   ✅ Successfully processed
[InsertDataMovPass]   Processing function: __orbit_predict_mapper_input_14
[InsertDataMovPass]   ✅ Successfully processed
[InsertDataMovPass]   Processing function: __orbit_predict_mapper_input_15
[InsertDataMovPass]   ✅ Successfully processed
[InsertDataMovPass]   Processing function: __orbit_predict_mapper_input_16
[InsertDataMovPass]   ✅ Successfully processed
[InsertDataMovPass]   Processing function: __orbit_predict_mapper_input_17
[InsertDataMovPass]   ✅ Successfully processed
[InsertDataMovPass]   Processing function: __orbit_predict_mapper_input_18
[InsertDataMovPass]   ✅ Successfully processed
[InsertDataMovPass]   Processing function: __orbit_predict_mapper_input_19
[InsertDataMovPass]   ✅ Successfully processed
[InsertDataMovPass]   Processing function: __orbit_predict_mapper_input_20
[InsertDataMovPass]   ✅ Successfully processed
[InsertDataMovPass]   Processing function: __orbit_predict_mapper_input_21
[InsertDataMovPass]   ✅ Successfully processed
[InsertDataMovPass]   Processing function: __orbit_predict_mapper_input_22
[InsertDataMovPass]   ✅ Successfully processed
[InsertDataMovPass]   Processing function: __orbit_predict_mapper_input_23
[InsertDataMovPass]   ✅ Successfully processed
[InsertDataMovPass] Processing kernels...
[InsertDataMovPass] ✅ Pass complete
[calculateResMii] Total operations: 12
[calculateResMii] Total operations: 12
[calculateResMii] Total operations: 12
[calculateResMii] Total operations: 12
[calculateResMii] Total operations: 12
[calculateResMii] Total operations: 12
[calculateResMii] Total operations: 12
[calculateResMii] Total operations: 12
[calculateResMii] Total operations: 28
[calculateResMii] Total operations: 28
[calculateResMii] Total operations: 28
[calculateResMii] Total operations: 28
[calculateResMii] Total operations: 28
[calculateResMii] Total operations: 28
[calculateResMii] Total operations: 28
[calculateResMii] Total operations: 28
[calculateResMii] Total operations: 12
[calculateResMii] Total operations: 12
[calculateResMii] Total operations: 12
[calculateResMii] Total operations: 12
[calculateResMii] Total operations: 12
[calculateResMii] Total operations: 12
[calculateResMii] Total operations: 12
[calculateResMii] Total operations: 12
[calculateResMii] Total operations: 12
[calculateResMii] Total operations: 12
[calculateResMii] Total operations: 12
[calculateResMii] Total operations: 12
[calculateResMii] Total operations: 12
[calculateResMii] Total operations: 12
[calculateResMii] Total operations: 12
[calculateResMii] Total operations: 12
[calculateResMii] Total operations: 22
[calculateResMii] Total operations: 22
[calculateResMii] Total operations: 22
[calculateResMii] Total operations: 22
[calculateResMii] Total operations: 22
[calculateResMii] Total operations: 22
[calculateResMii] Total operations: 22
[calculateResMii] Total operations: 22
[calculateResMii] Total operations: 22
[calculateResMii] Total operations: 22
[calculateResMii] Total operations: 22
[calculateResMii] Total operations: 22
[calculateResMii] Total operations: 22
[calculateResMii] Total operations: 22
[calculateResMii] Total operations: 22
[calculateResMii] Total operations: 22
[calculateResMii] Total operations: 37
[calculateResMii] Total operations: 37
[calculateResMii] Total operations: 37
[calculateResMii] Total operations: 37
[calculateResMii] Total operations: 37
[calculateResMii] Total operations: 37
[calculateResMii] Total operations: 37
[calculateResMii] Total operations: 37
[calculateResMii] Total operations: 6
[calculateResMii] Total operations: 6
[calculateResMii] Total operations: 6
[calculateResMii] Total operations: 6
[calculateResMii] Total operations: 6
[calculateResMii] Total operations: 6
[calculateResMii] Total operations: 6
[calculateResMii] Total operations: 6
[calculateResMii] Total operations: 6
[calculateResMii] Total operations: 6
[calculateResMii] Total operations: 6
[calculateResMii] Total operations: 6
[calculateResMii] Total operations: 6
[calculateResMii] Total operations: 6
[calculateResMii] Total operations: 6
[calculateResMii] Total operations: 6
[calculateResMii] Total operations: 7
[calculateResMii] Total operations: 7
[calculateResMii] Total operations: 7
[calculateResMii] Total operations: 7
[calculateResMii] Total operations: 7
[calculateResMii] Total operations: 7
[calculateResMii] Total operations: 7
[calculateResMii] Total operations: 7
[calculateResMii] Total operations: 11
[calculateResMii] Total operations: 11
[calculateResMii] Total operations: 11
[calculateResMii] Total operations: 11
[calculateResMii] Total operations: 11
[calculateResMii] Total operations: 11
[calculateResMii] Total operations: 11
[calculateResMii] Total operations: 11
[calculateResMii] Total operations: 11
[calculateResMii] Total operations: 11
[calculateResMii] Total operations: 11
[calculateResMii] Total operations: 11
[calculateResMii] Total operations: 11
[calculateResMii] Total operations: 11
[calculateResMii] Total operations: 11
[calculateResMii] Total operations: 11
[calculateResMii] Total operations: 11
[calculateResMii] Total operations: 11
[calculateResMii] Total operations: 11
[calculateResMii] Total operations: 11
[calculateResMii] Total operations: 11
[calculateResMii] Total operations: 11
[calculateResMii] Total operations: 11
[calculateResMii] Total operations: 11
[calculateResMii] Total operations: 11
[calculateResMii] Total operations: 11
[calculateResMii] Total operations: 11
[calculateResMii] Total operations: 11
[calculateResMii] Total operations: 11
[calculateResMii] Total operations: 11
[calculateResMii] Total operations: 11
[calculateResMii] Total operations: 11
[calculateResMii] Total operations: 11
[calculateResMii] Total operations: 11
[calculateResMii] Total operations: 11
[calculateResMii] Total operations: 11
[calculateResMii] Total operations: 11
[calculateResMii] Total operations: 11
[calculateResMii] Total operations: 11
[calculateResMii] Total operations: 11
[calculateResMii] Total operations: 11
[calculateResMii] Total operations: 11
[calculateResMii] Total operations: 11
[calculateResMii] Total operations: 11
[calculateResMii] Total operations: 11
[calculateResMii] Total operations: 11
[calculateResMii] Total operations: 11
[calculateResMii] Total operations: 11
[calculateResMii] Total operations: 14
[calculateResMii] Total operations: 14
[calculateResMii] Total operations: 14
[calculateResMii] Total operations: 14
[calculateResMii] Total operations: 14
[calculateResMii] Total operations: 14
[calculateResMii] Total operations: 14
[calculateResMii] Total operations: 14
[calculateResMii] Total operations: 8
[calculateResMii] Total operations: 8
[calculateResMii] Total operations: 8
[calculateResMii] Total operations: 8
[calculateResMii] Total operations: 8
[calculateResMii] Total operations: 8
[calculateResMii] Total operations: 8
[calculateResMii] Total operations: 8
[calculateResMii] Total operations: 8
[calculateResMii] Total operations: 8
[calculateResMii] Total operations: 8
[calculateResMii] Total operations: 8
[calculateResMii] Total operations: 8
[calculateResMii] Total operations: 8
[calculateResMii] Total operations: 8
[calculateResMii] Total operations: 8
[calculateResMii] Total operations: 13
[calculateResMii] Total operations: 13
[calculateResMii] Total operations: 13
[calculateResMii] Total operations: 13
[calculateResMii] Total operations: 13
[calculateResMii] Total operations: 13
[calculateResMii] Total operations: 13
[calculateResMii] Total operations: 13
[calculateResMii] Total operations: 13
[calculateResMii] Total operations: 13
[calculateResMii] Total operations: 13
[calculateResMii] Total operations: 13
[calculateResMii] Total operations: 13
[calculateResMii] Total operations: 13
[calculateResMii] Total operations: 13
[calculateResMii] Total operations: 13
[calculateResMii] Total operations: 21
[calculateResMii] Total operations: 21
[calculateResMii] Total operations: 21
[calculateResMii] Total operations: 21
[calculateResMii] Total operations: 21
[calculateResMii] Total operations: 21
[calculateResMii] Total operations: 21
[calculateResMii] Total operations: 21
[calculateResMii] Total operations: 8
[calculateResMii] Total operations: 8
[calculateResMii] Total operations: 8
[calculateResMii] Total operations: 8
[calculateResMii] Total operations: 8
[calculateResMii] Total operations: 8
[calculateResMii] Total operations: 8
[calculateResMii] Total operations: 8
[calculateResMii] Total operations: 7
[calculateResMii] Total operations: 7
[calculateResMii] Total operations: 7
[calculateResMii] Total operations: 7
[calculateResMii] Total operations: 7
[calculateResMii] Total operations: 7
[calculateResMii] Total operations: 7
[calculateResMii] Total operations: 7
